// Jest Snapshot v1, https://goo.gl/fbAQLP

exports[`ReactRouterGA render 1`] = `
<div>
  Hello
</div>
`;
